INFO: [VRFC 10-2263] Analyzing SystemVerilog file "/home/cw028_harish/uvm-tools/SoC-Integration-Structure/DSN/ip/peripherals/i2c/dsn/rtl/i2c_top.sv" into library work
INFO: [VRFC 10-311] analyzing module i2c_top
INFO: [VRFC 10-2263] Analyzing SystemVerilog file "/home/cw028_harish/uvm-tools/SoC-Integration-Structure/DSN/ip/peripherals/i2c/ip/apb_slave/rtl/apb_slave.sv" into library work
INFO: [VRFC 10-311] analyzing module apb_slave
INFO: [VRFC 10-2263] Analyzing SystemVerilog file "/home/cw028_harish/uvm-tools/SoC-Integration-Structure/DSN/ip/peripherals/i2c/ip/i2c_master/rtl/i2c_master.sv" into library work
INFO: [VRFC 10-311] analyzing module i2c_master
INFO: [VRFC 10-2263] Analyzing SystemVerilog file "/home/cw028_harish/uvm-tools/SoC-Integration-Structure/DSN/ip/peripherals/i2c/ip/reset_synchronizer/rtl/reset_synchronizer.sv" into library work
INFO: [VRFC 10-311] analyzing module reset_synchronizer
INFO: [VRFC 10-2263] Analyzing SystemVerilog file "/home/cw028_harish/uvm-tools/SoC-Integration-Structure/DSN/ip/peripherals/i2c/ip/async_fifo/rtl/async.sv" into library work
INFO: [VRFC 10-311] analyzing module asynchronous_fifo
INFO: [VRFC 10-2263] Analyzing SystemVerilog file "/home/cw028_harish/uvm-tools/SoC-Integration-Structure/DSN/ip/peripherals/i2c/ip/async_fifo/rtl/fifo_mem.v" into library work
INFO: [VRFC 10-311] analyzing module fifo_mem
INFO: [VRFC 10-2263] Analyzing SystemVerilog file "/home/cw028_harish/uvm-tools/SoC-Integration-Structure/DSN/ip/peripherals/i2c/ip/async_fifo/rtl/wptr_handler.v" into library work
INFO: [VRFC 10-311] analyzing module wptr_handler
INFO: [VRFC 10-2263] Analyzing SystemVerilog file "/home/cw028_harish/uvm-tools/SoC-Integration-Structure/DSN/ip/peripherals/i2c/ip/async_fifo/rtl/rptr_handler.v" into library work
INFO: [VRFC 10-311] analyzing module rptr_handler
INFO: [VRFC 10-2263] Analyzing SystemVerilog file "/home/cw028_harish/uvm-tools/SoC-Integration-Structure/DSN/ip/peripherals/i2c/ip/async_fifo/rtl/synchronizer.v" into library work
INFO: [VRFC 10-311] analyzing module synchronizer
INFO: [VRFC 10-2263] Analyzing SystemVerilog file "/home/cw028_harish/uvm-tools/SoC-Integration-Structure/VERIF/i2c_verif/i2c_tb/ral/apb_i2c_ral_pkg.sv" into library work
INFO: [VRFC 10-2263] Analyzing SystemVerilog file "/home/cw028_harish/uvm-tools/SoC-Integration-Structure/VERIF/i2c_verif/i2c_tb/ral/apb_i2c_ral_block.sv" into library work
INFO: [VRFC 10-2263] Analyzing SystemVerilog file "/home/cw028_harish/uvm-tools/SoC-Integration-Structure/VERIF/i2c_verif/i2c_tb/ral/apb_i2c_ral_metadata_pkg.sv" into library work
INFO: [VRFC 10-2263] Analyzing SystemVerilog file "/home/cw028_harish/uvm-tools/SoC-Integration-Structure/VERIF/i2c_verif/i2c_tb/interface/apb_i2c_apb_if.sv" into library work
INFO: [VRFC 10-2263] Analyzing SystemVerilog file "/home/cw028_harish/uvm-tools/SoC-Integration-Structure/VERIF/i2c_verif/i2c_tb/interface/apb_i2c_reset_if.sv" into library work
INFO: [VRFC 10-2263] Analyzing SystemVerilog file "/home/cw028_harish/uvm-tools/SoC-Integration-Structure/VERIF/i2c_verif/i2c_tb/agent/apb_i2c_apb_item.sv" into library work
INFO: [VRFC 10-2263] Analyzing SystemVerilog file "/home/cw028_harish/uvm-tools/SoC-Integration-Structure/VERIF/i2c_verif/i2c_tb/agent/apb_i2c_reset_agent.sv" into library work
INFO: [VRFC 10-2263] Analyzing SystemVerilog file "/home/cw028_harish/uvm-tools/SoC-Integration-Structure/VERIF/i2c_verif/i2c_tb/agent/apb_i2c_apb_sequencer.sv" into library work
INFO: [VRFC 10-2263] Analyzing SystemVerilog file "/home/cw028_harish/uvm-tools/SoC-Integration-Structure/VERIF/i2c_verif/i2c_tb/agent/apb_i2c_apb_driver.sv" into library work
INFO: [VRFC 10-2263] Analyzing SystemVerilog file "/home/cw028_harish/uvm-tools/SoC-Integration-Structure/VERIF/i2c_verif/i2c_tb/agent/apb_i2c_apb_monitor.sv" into library work
INFO: [VRFC 10-2263] Analyzing SystemVerilog file "/home/cw028_harish/uvm-tools/SoC-Integration-Structure/VERIF/i2c_verif/i2c_tb/agent/apb_i2c_apb_agent.sv" into library work
INFO: [VRFC 10-2263] Analyzing SystemVerilog file "/home/cw028_harish/uvm-tools/SoC-Integration-Structure/VERIF/i2c_verif/i2c_tb/ral/apb_i2c_apb_adapter.sv" into library work
INFO: [VRFC 10-2263] Analyzing SystemVerilog file "/home/cw028_harish/uvm-tools/SoC-Integration-Structure/VERIF/i2c_verif/i2c_tb/ral/apb_i2c_apb_predictor.sv" into library work
INFO: [VRFC 10-2263] Analyzing SystemVerilog file "/home/cw028_harish/uvm-tools/SoC-Integration-Structure/VERIF/i2c_verif/i2c_tb/ral/apb_i2c_ral_sequences.sv" into library work
INFO: [VRFC 10-2263] Analyzing SystemVerilog file "/home/cw028_harish/uvm-tools/SoC-Integration-Structure/VERIF/i2c_verif/i2c_tb/env/apb_i2c_scoreboard.sv" into library work
INFO: [VRFC 10-2263] Analyzing SystemVerilog file "/home/cw028_harish/uvm-tools/SoC-Integration-Structure/VERIF/i2c_verif/i2c_tb/env/apb_i2c_ral_env.sv" into library work
INFO: [VRFC 10-2263] Analyzing SystemVerilog file "/home/cw028_harish/uvm-tools/SoC-Integration-Structure/VERIF/i2c_verif/i2c_tb/tests/apb_i2c_ral_test.sv" into library work
INFO: [VRFC 10-2263] Analyzing SystemVerilog file "/home/cw028_harish/uvm-tools/SoC-Integration-Structure/VERIF/i2c_verif/i2c_tb/top/test_top.sv" into library work
INFO: [VRFC 10-311] analyzing module test_top
