#-----------------------------------------------------------
# xsim v2025.2 (64-bit)
# SW Build 6299465 on Fri Nov 14 12:34:56 MST 2025
# IP Build 6300035 on Fri Nov 14 10:48:45 MST 2025
# SharedData Build 6298862 on Thu Nov 13 04:50:51 MST 2025
# Start of session at: Mon Sep 21 10:39:58 2026
# Process ID         : 223006
# Current directory  : /home/cw022_giresh/Downloads/lpddr5c_tb_l/sim
# Command line       : xsim -mode tcl -source {xsim.dir/tb_sim/xsim_script.tcl}
# Log file           : /home/cw022_giresh/Downloads/lpddr5c_tb_l/sim/xsim.log
# Journal file       : /home/cw022_giresh/Downloads/lpddr5c_tb_l/sim/xsim.jou
# Running On         : ip-10-0-10-79
# Platform           : Ubuntu
# Operating System   : Ubuntu 22.04.5 LTS
# Processor Detail   : AMD EPYC 7R13 Processor
# CPU Frequency      : 3597.206 MHz
# CPU Physical cores : 2
# CPU Logical cores  : 4
# Host memory        : 16378 MB
# Swap memory        : 68719 MB
# Total Virtual      : 85098 MB
# Available Virtual  : 60962 MB
#-----------------------------------------------------------
source xsim.dir/tb_sim/xsim_script.tcl
run -all
